Windows CI status: 1
# Subtest: apply-to-pi creates a workspace package and minimal root scripts
# Subtest: configuration merges trusted project and environment overrides
# Subtest: untrusted project configuration is ignored
# Subtest: example configuration validates and requires explicit Contributor opt-in
# Subtest: enabled programmatic workspace requires an explicit sandbox decision
# Subtest: expert runner parses Pi JSON event stream and exact model args
# Subtest: expert JSON parser falls back safely
# Subtest: explicit takeover retains configured edit and write tools
# Subtest: expert runner consumes a final JSON event without trailing newline
# Subtest: dual extension runs a fully configured isolated expert consultation
# Subtest: contributor input is redacted, images are denied, and protected paths are blocked
# Subtest: session cost budget blocks later prompts after recorded worker usage
# Subtest: completion gate verifies a real changed Git worktree before accepting settlement
# Subtest: a successful non-verifier command cannot bypass the completion gate
# Subtest: extension initializes single-model worker and records route evidence
# Subtest: harness candidates require evaluation, promote, and roll back
# Subtest: canary activation is process-local and never persists as promoted state
# Subtest: evidence ledger persists redacted bounded handoff
# Subtest: cost estimator uses per-million rates
# Subtest: automatic runtime resolves the packaged Pi dependency path
# Subtest: runtime health check executes the resolved CLI
# Subtest: explicit runtime binary remains supported
# Subtest: JavaScript entrypoints are launched through Node on every platform
# Subtest: contributor models require public explicit consent
# Subtest: private models are not blocked by contributor policy
# Subtest: denied paths and credential dumps are blocked
# Subtest: secret redaction preserves labels and removes values
# Subtest: glob conversion supports recursive patterns
# Subtest: model capability probe validates provider stream and tool execution
# Subtest: model capability probe consumes a final event without trailing newline
# Subtest: harness replay compares baseline and canary with direct absolute task paths
# Subtest: repeated verifier failures escalate trajectory
# Subtest: progress decays escalation score
# Subtest: single mode never admits expert
# Subtest: dual mode automatically admits an expert only after the consult threshold
# Subtest: ledger resumes Pi session totals and user goal without resetting budgets
# Subtest: router restores trajectory and enforces the total session budget
# Subtest: ledger restores complete cost totals even when history exceeds its memory window
# Subtest: verification discovers package scripts and executes configured checks
# Subtest: only discovered or configured verifier commands count as trusted proof
# Subtest: programmatic workspace refuses implicit unsandboxed execution
# Subtest: programmatic workspace persists bounded JSON state when explicitly allowed
# Subtest: programmatic workspace reports timeouts explicitly
# Subtest: wrapper injects extension and fully configurable worker
# Subtest: wrapper launches the packaged runtime without a global pi command
<ref *1> Error: spawnSync npm ENOENT
